// Jest Snapshot v1, https://goo.gl/fbAQLP

exports[`<Footer /> should render 1`] = `
.c0 {
  text-align: center;
}

.c0 a {
  color: inherit;
  -webkit-text-decoration: none;
  text-decoration: none;
  font-size: 1.6rem;
}

.c1 {
  max-width: 1200rem;
  margin: 0 auto;
  padding: 3.2rem;
}

<div>
  <div
    class="c0"
  >
    <div
      class="c1"
    >
      <div
        class=""
      >
        Children
      </div>
    </div>
  </div>
</div>
`;
