// Jest Snapshot v1, https://goo.gl/fbAQLP

exports[`<GridTwoColumn /> should render two column grid 1`] = `
.c5 {
  color: #0A1128;
  font-size: 6.4rem;
  text-transform: uppercase;
}

.c2 {
  display: grid;
  grid-template-columns: 1fr 2fr;
  -webkit-align-items: center;
  -webkit-box-align: center;
  -ms-flex-align: center;
  align-items: center;
  gap: 3.2rem;
}

.c2 .c4 {
  margin-bottom: 4.0rem;
}

.c1 {
  max-width: 1200rem;
  margin: 0 auto;
  padding: 3.2rem;
}

.c0 {
  background: #ffff;
  color: #0A1128;
  min-height: 100vh;
  display: -webkit-box;
  display: -webkit-flex;
  display: -ms-flexbox;
  display: flex;
  -webkit-align-items: center;
  -webkit-box-align: center;
  -ms-flex-align: center;
  align-items: center;
}

@media (max-width:768px) {
  .c5 {
    font-size: 4.0rem;
  }
}

@media (max-width:768px) {
  .c2 {
    grid-template-columns: 1fr;
    text-align: center;
  }
}

@media (max-width:768px) {
  .c3 {
    margin-bottom: 3.2rem;
  }
}

<div>
  <div
    class="c0"
  >
    <div
      class="c1"
    >
      <div
        class="c2"
      >
        <div
          class="c3"
        >
          <h1
            class="c4 c5"
          >
            GridTwoColumn
          </h1>
          <p
            class=""
          >
            Lorem, ipsum dolor sit amet consectetur adipisicing elit. Hic, blanditiis aliquam? Aliquam deleniti, exercitationem dolorem excepturi sequi odio similique praesentium molestias reprehenderit amet harum rerum recusandae quis eaque dolorum quibusdam!
          </p>
        </div>
        <p
          class=""
        >
          <img
            alt="GridTwoColumn"
            class=""
            src="assets/images/javascript.svg"
          />
        </p>
      </div>
    </div>
  </div>
</div>
`;
